#-----------------------------------------------------------
# Vivado v2019.2 (64-bit)
# SW Build 2708876 on Wed Nov  6 21:40:23 MST 2019
# IP Build 2700528 on Thu Nov  7 00:09:20 MST 2019
# Start of session at: Sat May 27 11:58:49 2023
# Process ID: 19992
# Current directory: D:/work-CPU/CPU-PIP
# Command line: vivado.exe -gui_launcher_event rodinguilauncherevent14728 D:\work-CPU\CPU-PIP\CPU-PIP.xpr
# Log file: D:/work-CPU/CPU-PIP/vivado.log
# Journal file: D:/work-CPU/CPU-PIP\vivado.jou
#-----------------------------------------------------------
start_gui
open_project D:/work-CPU/CPU-PIP/CPU-PIP.xpr
Scanning sources...
Finished scanning sources
INFO: [IP_Flow 19-234] Refreshing IP repositories
INFO: [IP_Flow 19-1704] No user IP repositories specified
INFO: [IP_Flow 19-2313] Loaded Vivado IP repository 'E:/Xilinx/Vivado/2019.2/data/ip'.
open_project: Time (s): cpu = 00:00:12 ; elapsed = 00:00:05 . Memory (MB): peak = 933.277 ; gain = 244.004
update_compile_order -fileset sources_1
launch_simulation
Command: launch_simulation 
INFO: [Vivado 12-5698] Checking validity of IPs in the design for the 'XSim' simulator...
INFO: [Vivado 12-5682] Launching behavioral simulation in 'D:/work-CPU/CPU-PIP/CPU-PIP.sim/sim_1/behav/xsim'
INFO: [Vivado 12-4795] Using compiled simulation libraries for IPs
INFO: [SIM-utils-51] Simulation object is 'sim_1'
INFO: [USF-XSim-7] Finding pre-compiled libraries...
INFO: [USF-XSim-11] File 'E:/Xilinx/Vivado/2019.2/data/xsim/xsim.ini' copied to run dir:'D:/work-CPU/CPU-PIP/CPU-PIP.sim/sim_1/behav/xsim'
INFO: [SIM-utils-54] Inspecting design source files for 'CPU_BC' in fileset 'sim_1'...
INFO: [SIM-utils-43] Exported 'D:/work-CPU/CPU-PIP/CPU-PIP.sim/sim_1/behav/xsim/dist_mem_gen_0.mif'
INFO: [SIM-utils-43] Exported 'D:/work-CPU/CPU-PIP/CPU-PIP.sim/sim_1/behav/xsim/Instructs.coe'
INFO: [SIM-utils-43] Exported 'D:/work-CPU/CPU-PIP/CPU-PIP.sim/sim_1/behav/xsim/Ins.coe'
INFO: [USF-XSim-97] Finding global include files...
INFO: [USF-XSim-98] Fetching design files from 'sim_1'...
INFO: [USF-XSim-2] XSim::Compile design
INFO: [USF-XSim-61] Executing 'COMPILE and ANALYZE' step in 'D:/work-CPU/CPU-PIP/CPU-PIP.sim/sim_1/behav/xsim'
"xvlog --incr --relax -prj CPU_BC_vlog.prj"
INFO: [USF-XSim-69] 'compile' step finished in '2' seconds
INFO: [USF-XSim-3] XSim::Elaborate design
INFO: [USF-XSim-61] Executing 'ELABORATE' step in 'D:/work-CPU/CPU-PIP/CPU-PIP.sim/sim_1/behav/xsim'
"xelab -wto 805693a2b4ce495f979f8832e1effcb1 --incr --debug typical --relax --mt 2 -L dist_mem_gen_v8_0_13 -L xil_defaultlib -L unisims_ver -L unimacro_ver -L secureip -L xpm --snapshot CPU_BC_behav xil_defaultlib.CPU_BC xil_defaultlib.glbl -log elaborate.log"
Vivado Simulator 2019.2
Copyright 1986-1999, 2001-2019 Xilinx, Inc. All Rights Reserved.
Running: E:/Xilinx/Vivado/2019.2/bin/unwrapped/win64.o/xelab.exe -wto 805693a2b4ce495f979f8832e1effcb1 --incr --debug typical --relax --mt 2 -L dist_mem_gen_v8_0_13 -L xil_defaultlib -L unisims_ver -L unimacro_ver -L secureip -L xpm --snapshot CPU_BC_behav xil_defaultlib.CPU_BC xil_defaultlib.glbl -log elaborate.log 
Using 2 slave threads.
Starting static elaboration
Pass Through NonSizing Optimizer
WARNING: [VRFC 10-3091] actual bit length 1 differs from formal bit length 3 for port 'branch' [D:/work-CPU/CPU-PIP/CPU-PIP.srcs/sim_1/new/CPU_BC.v:108]
WARNING: [VRFC 10-3091] actual bit length 3 differs from formal bit length 4 for port 'funct3' [D:/work-CPU/CPU-PIP/CPU-PIP.srcs/sources_1/new/ID_Unit.v:92]
WARNING: [VRFC 10-3091] actual bit length 7 differs from formal bit length 8 for port 'funct7' [D:/work-CPU/CPU-PIP/CPU-PIP.srcs/sources_1/new/ID_Unit.v:93]
WARNING: [VRFC 10-5021] port 'state' is not connected on this instance [D:/work-CPU/CPU-PIP/CPU-PIP.srcs/sources_1/new/CPU_top.v:132]
Completed static elaboration
INFO: [XSIM 43-4323] No Change in HDL. Linking previously generated obj files to create kernel
INFO: [USF-XSim-69] 'elaborate' step finished in '2' seconds
INFO: [USF-XSim-4] XSim::Simulate design
INFO: [USF-XSim-61] Executing 'SIMULATE' step in 'D:/work-CPU/CPU-PIP/CPU-PIP.sim/sim_1/behav/xsim'
INFO: [USF-XSim-98] *** Running xsim
   with args "CPU_BC_behav -key {Behavioral:sim_1:Functional:CPU_BC} -tclbatch {CPU_BC.tcl} -view {D:/work-CPU/CPU-PIP/CPU_BC_behav.wcfg} -log {simulate.log}"
INFO: [USF-XSim-8] Loading simulator feature
Vivado Simulator 2019.2
Time resolution is 1 ps
open_wave_config D:/work-CPU/CPU-PIP/CPU_BC_behav.wcfg
source CPU_BC.tcl
# set curr_wave [current_wave_config]
# if { [string length $curr_wave] == 0 } {
#   if { [llength [get_objects]] > 0} {
#     add_wave /
#     set_property needs_save false [current_wave_config]
#   } else {
#      send_msg_id Add_Wave-1 WARNING "No top level signals found. Simulator will start without a wave window. If you want to open a wave window go to 'File->New Waveform Configuration' or type 'create_wave_config' in the TCL console."
#   }
# }
# run 10000ns
WARNING: This core is supplied with a behavioral model. To model cycle-accurate behavior you must run timing simulation.
WARNING: This core is supplied with a behavioral model. To model cycle-accurate behavior you must run timing simulation.
WARNING in CPU_BC.uut.MEM.RAM.inst at time                    0 ns: 
Reading from out-of-range address. Max address in CPU_BC.uut.MEM.RAM.inst is       65535
xsim: Time (s): cpu = 00:00:13 ; elapsed = 00:00:07 . Memory (MB): peak = 1028.930 ; gain = 52.941
INFO: [USF-XSim-96] XSim completed. Design snapshot 'CPU_BC_behav' loaded.
INFO: [USF-XSim-97] XSim simulation ran for 10000ns
launch_simulation: Time (s): cpu = 00:00:16 ; elapsed = 00:00:12 . Memory (MB): peak = 1028.930 ; gain = 62.680
close_sim
INFO: [Simtcl 6-16] Simulation closed
close_sim: Time (s): cpu = 00:00:02 ; elapsed = 00:00:07 . Memory (MB): peak = 1415.062 ; gain = 0.000
exit
INFO: [Common 17-206] Exiting Vivado at Sat May 27 12:05:29 2023...
