Copyright 1986-2019 Xilinx, Inc. All Rights Reserved.
-----------------------------------------------------------------------------------------------------------------------------------------------------------
| Tool Version : Vivado v.2019.2 (win64) Build 2708876 Wed Nov  6 21:40:23 MST 2019
| Date         : Wed May 24 21:09:56 2023
| Host         : WIN-H1D0LU70QKR running 64-bit major release  (build 9200)
| Command      : report_methodology -file CPU_top_methodology_drc_routed.rpt -pb CPU_top_methodology_drc_routed.pb -rpx CPU_top_methodology_drc_routed.rpx
| Design       : CPU_top
| Device       : xc7vx485tffg1157-1
| Speed File   : -1
| Design State : Fully Routed
-----------------------------------------------------------------------------------------------------------------------------------------------------------

Report Methodology

Table of Contents
-----------------
1. REPORT SUMMARY
2. REPORT DETAILS

1. REPORT SUMMARY
-----------------
            Netlist: netlist
          Floorplan: design_1
      Design limits: <entire design considered>
             Max violations: <unlimited>
             Violations found: 373
+-----------+----------+-------------------------------+------------+
| Rule      | Severity | Description                   | Violations |
+-----------+----------+-------------------------------+------------+
| TIMING-18 | Warning  | Missing input or output delay | 373        |
+-----------+----------+-------------------------------+------------+

2. REPORT DETAILS
-----------------
TIMING-18#1 Warning
Missing input or output delay  
An input delay is missing on reset relative to clock(s) clk
Related violations: <none>

TIMING-18#2 Warning
Missing input or output delay  
An output delay is missing on ALU_Src1 relative to clock(s) clk
Related violations: <none>

TIMING-18#3 Warning
Missing input or output delay  
An output delay is missing on ALU_Src2 relative to clock(s) clk
Related violations: <none>

TIMING-18#4 Warning
Missing input or output delay  
An output delay is missing on ALuop[0] relative to clock(s) clk
Related violations: <none>

TIMING-18#5 Warning
Missing input or output delay  
An output delay is missing on ALuop[1] relative to clock(s) clk
Related violations: <none>

TIMING-18#6 Warning
Missing input or output delay  
An output delay is missing on ALuop[2] relative to clock(s) clk
Related violations: <none>

TIMING-18#7 Warning
Missing input or output delay  
An output delay is missing on Aluout[0] relative to clock(s) clk
Related violations: <none>

TIMING-18#8 Warning
Missing input or output delay  
An output delay is missing on Aluout[10] relative to clock(s) clk
Related violations: <none>

TIMING-18#9 Warning
Missing input or output delay  
An output delay is missing on Aluout[11] relative to clock(s) clk
Related violations: <none>

TIMING-18#10 Warning
Missing input or output delay  
An output delay is missing on Aluout[12] relative to clock(s) clk
Related violations: <none>

TIMING-18#11 Warning
Missing input or output delay  
An output delay is missing on Aluout[13] relative to clock(s) clk
Related violations: <none>

TIMING-18#12 Warning
Missing input or output delay  
An output delay is missing on Aluout[14] relative to clock(s) clk
Related violations: <none>

TIMING-18#13 Warning
Missing input or output delay  
An output delay is missing on Aluout[15] relative to clock(s) clk
Related violations: <none>

TIMING-18#14 Warning
Missing input or output delay  
An output delay is missing on Aluout[16] relative to clock(s) clk
Related violations: <none>

TIMING-18#15 Warning
Missing input or output delay  
An output delay is missing on Aluout[17] relative to clock(s) clk
Related violations: <none>

TIMING-18#16 Warning
Missing input or output delay  
An output delay is missing on Aluout[18] relative to clock(s) clk
Related violations: <none>

TIMING-18#17 Warning
Missing input or output delay  
An output delay is missing on Aluout[19] relative to clock(s) clk
Related violations: <none>

TIMING-18#18 Warning
Missing input or output delay  
An output delay is missing on Aluout[1] relative to clock(s) clk
Related violations: <none>

TIMING-18#19 Warning
Missing input or output delay  
An output delay is missing on Aluout[20] relative to clock(s) clk
Related violations: <none>

TIMING-18#20 Warning
Missing input or output delay  
An output delay is missing on Aluout[21] relative to clock(s) clk
Related violations: <none>

TIMING-18#21 Warning
Missing input or output delay  
An output delay is missing on Aluout[22] relative to clock(s) clk
Related violations: <none>

TIMING-18#22 Warning
Missing input or output delay  
An output delay is missing on Aluout[23] relative to clock(s) clk
Related violations: <none>

TIMING-18#23 Warning
Missing input or output delay  
An output delay is missing on Aluout[24] relative to clock(s) clk
Related violations: <none>

TIMING-18#24 Warning
Missing input or output delay  
An output delay is missing on Aluout[25] relative to clock(s) clk
Related violations: <none>

TIMING-18#25 Warning
Missing input or output delay  
An output delay is missing on Aluout[26] relative to clock(s) clk
Related violations: <none>

TIMING-18#26 Warning
Missing input or output delay  
An output delay is missing on Aluout[27] relative to clock(s) clk
Related violations: <none>

TIMING-18#27 Warning
Missing input or output delay  
An output delay is missing on Aluout[28] relative to clock(s) clk
Related violations: <none>

TIMING-18#28 Warning
Missing input or output delay  
An output delay is missing on Aluout[29] relative to clock(s) clk
Related violations: <none>

TIMING-18#29 Warning
Missing input or output delay  
An output delay is missing on Aluout[2] relative to clock(s) clk
Related violations: <none>

TIMING-18#30 Warning
Missing input or output delay  
An output delay is missing on Aluout[30] relative to clock(s) clk
Related violations: <none>

TIMING-18#31 Warning
Missing input or output delay  
An output delay is missing on Aluout[31] relative to clock(s) clk
Related violations: <none>

TIMING-18#32 Warning
Missing input or output delay  
An output delay is missing on Aluout[3] relative to clock(s) clk
Related violations: <none>

TIMING-18#33 Warning
Missing input or output delay  
An output delay is missing on Aluout[4] relative to clock(s) clk
Related violations: <none>

TIMING-18#34 Warning
Missing input or output delay  
An output delay is missing on Aluout[5] relative to clock(s) clk
Related violations: <none>

TIMING-18#35 Warning
Missing input or output delay  
An output delay is missing on Aluout[6] relative to clock(s) clk
Related violations: <none>

TIMING-18#36 Warning
Missing input or output delay  
An output delay is missing on Aluout[7] relative to clock(s) clk
Related violations: <none>

TIMING-18#37 Warning
Missing input or output delay  
An output delay is missing on Aluout[8] relative to clock(s) clk
Related violations: <none>

TIMING-18#38 Warning
Missing input or output delay  
An output delay is missing on Aluout[9] relative to clock(s) clk
Related violations: <none>

TIMING-18#39 Warning
Missing input or output delay  
An output delay is missing on CMPout[0] relative to clock(s) clk
Related violations: <none>

TIMING-18#40 Warning
Missing input or output delay  
An output delay is missing on CMPout[1] relative to clock(s) clk
Related violations: <none>

TIMING-18#41 Warning
Missing input or output delay  
An output delay is missing on CmpSrc2 relative to clock(s) clk
Related violations: <none>

TIMING-18#42 Warning
Missing input or output delay  
An output delay is missing on DataOut[0] relative to clock(s) clk
Related violations: <none>

TIMING-18#43 Warning
Missing input or output delay  
An output delay is missing on DataOut[10] relative to clock(s) clk
Related violations: <none>

TIMING-18#44 Warning
Missing input or output delay  
An output delay is missing on DataOut[11] relative to clock(s) clk
Related violations: <none>

TIMING-18#45 Warning
Missing input or output delay  
An output delay is missing on DataOut[12] relative to clock(s) clk
Related violations: <none>

TIMING-18#46 Warning
Missing input or output delay  
An output delay is missing on DataOut[13] relative to clock(s) clk
Related violations: <none>

TIMING-18#47 Warning
Missing input or output delay  
An output delay is missing on DataOut[14] relative to clock(s) clk
Related violations: <none>

TIMING-18#48 Warning
Missing input or output delay  
An output delay is missing on DataOut[15] relative to clock(s) clk
Related violations: <none>

TIMING-18#49 Warning
Missing input or output delay  
An output delay is missing on DataOut[16] relative to clock(s) clk
Related violations: <none>

TIMING-18#50 Warning
Missing input or output delay  
An output delay is missing on DataOut[17] relative to clock(s) clk
Related violations: <none>

TIMING-18#51 Warning
Missing input or output delay  
An output delay is missing on DataOut[18] relative to clock(s) clk
Related violations: <none>

TIMING-18#52 Warning
Missing input or output delay  
An output delay is missing on DataOut[19] relative to clock(s) clk
Related violations: <none>

TIMING-18#53 Warning
Missing input or output delay  
An output delay is missing on DataOut[1] relative to clock(s) clk
Related violations: <none>

TIMING-18#54 Warning
Missing input or output delay  
An output delay is missing on DataOut[20] relative to clock(s) clk
Related violations: <none>

TIMING-18#55 Warning
Missing input or output delay  
An output delay is missing on DataOut[21] relative to clock(s) clk
Related violations: <none>

TIMING-18#56 Warning
Missing input or output delay  
An output delay is missing on DataOut[22] relative to clock(s) clk
Related violations: <none>

TIMING-18#57 Warning
Missing input or output delay  
An output delay is missing on DataOut[23] relative to clock(s) clk
Related violations: <none>

TIMING-18#58 Warning
Missing input or output delay  
An output delay is missing on DataOut[24] relative to clock(s) clk
Related violations: <none>

TIMING-18#59 Warning
Missing input or output delay  
An output delay is missing on DataOut[25] relative to clock(s) clk
Related violations: <none>

TIMING-18#60 Warning
Missing input or output delay  
An output delay is missing on DataOut[26] relative to clock(s) clk
Related violations: <none>

TIMING-18#61 Warning
Missing input or output delay  
An output delay is missing on DataOut[27] relative to clock(s) clk
Related violations: <none>

TIMING-18#62 Warning
Missing input or output delay  
An output delay is missing on DataOut[28] relative to clock(s) clk
Related violations: <none>

TIMING-18#63 Warning
Missing input or output delay  
An output delay is missing on DataOut[29] relative to clock(s) clk
Related violations: <none>

TIMING-18#64 Warning
Missing input or output delay  
An output delay is missing on DataOut[2] relative to clock(s) clk
Related violations: <none>

TIMING-18#65 Warning
Missing input or output delay  
An output delay is missing on DataOut[30] relative to clock(s) clk
Related violations: <none>

TIMING-18#66 Warning
Missing input or output delay  
An output delay is missing on DataOut[31] relative to clock(s) clk
Related violations: <none>

TIMING-18#67 Warning
Missing input or output delay  
An output delay is missing on DataOut[3] relative to clock(s) clk
Related violations: <none>

TIMING-18#68 Warning
Missing input or output delay  
An output delay is missing on DataOut[4] relative to clock(s) clk
Related violations: <none>

TIMING-18#69 Warning
Missing input or output delay  
An output delay is missing on DataOut[5] relative to clock(s) clk
Related violations: <none>

TIMING-18#70 Warning
Missing input or output delay  
An output delay is missing on DataOut[6] relative to clock(s) clk
Related violations: <none>

TIMING-18#71 Warning
Missing input or output delay  
An output delay is missing on DataOut[7] relative to clock(s) clk
Related violations: <none>

TIMING-18#72 Warning
Missing input or output delay  
An output delay is missing on DataOut[8] relative to clock(s) clk
Related violations: <none>

TIMING-18#73 Warning
Missing input or output delay  
An output delay is missing on DataOut[9] relative to clock(s) clk
Related violations: <none>

TIMING-18#74 Warning
Missing input or output delay  
An output delay is missing on Data_Byte[0] relative to clock(s) clk
Related violations: <none>

TIMING-18#75 Warning
Missing input or output delay  
An output delay is missing on Data_Byte[1] relative to clock(s) clk
Related violations: <none>

TIMING-18#76 Warning
Missing input or output delay  
An output delay is missing on Data_W relative to clock(s) clk
Related violations: <none>

TIMING-18#77 Warning
Missing input or output delay  
An output delay is missing on EXEdebug[0] relative to clock(s) clk
Related violations: <none>

TIMING-18#78 Warning
Missing input or output delay  
An output delay is missing on EXEdebug[10] relative to clock(s) clk
Related violations: <none>

TIMING-18#79 Warning
Missing input or output delay  
An output delay is missing on EXEdebug[11] relative to clock(s) clk
Related violations: <none>

TIMING-18#80 Warning
Missing input or output delay  
An output delay is missing on EXEdebug[12] relative to clock(s) clk
Related violations: <none>

TIMING-18#81 Warning
Missing input or output delay  
An output delay is missing on EXEdebug[13] relative to clock(s) clk
Related violations: <none>

TIMING-18#82 Warning
Missing input or output delay  
An output delay is missing on EXEdebug[14] relative to clock(s) clk
Related violations: <none>

TIMING-18#83 Warning
Missing input or output delay  
An output delay is missing on EXEdebug[15] relative to clock(s) clk
Related violations: <none>

TIMING-18#84 Warning
Missing input or output delay  
An output delay is missing on EXEdebug[16] relative to clock(s) clk
Related violations: <none>

TIMING-18#85 Warning
Missing input or output delay  
An output delay is missing on EXEdebug[17] relative to clock(s) clk
Related violations: <none>

TIMING-18#86 Warning
Missing input or output delay  
An output delay is missing on EXEdebug[18] relative to clock(s) clk
Related violations: <none>

TIMING-18#87 Warning
Missing input or output delay  
An output delay is missing on EXEdebug[19] relative to clock(s) clk
Related violations: <none>

TIMING-18#88 Warning
Missing input or output delay  
An output delay is missing on EXEdebug[1] relative to clock(s) clk
Related violations: <none>

TIMING-18#89 Warning
Missing input or output delay  
An output delay is missing on EXEdebug[20] relative to clock(s) clk
Related violations: <none>

TIMING-18#90 Warning
Missing input or output delay  
An output delay is missing on EXEdebug[21] relative to clock(s) clk
Related violations: <none>

TIMING-18#91 Warning
Missing input or output delay  
An output delay is missing on EXEdebug[22] relative to clock(s) clk
Related violations: <none>

TIMING-18#92 Warning
Missing input or output delay  
An output delay is missing on EXEdebug[23] relative to clock(s) clk
Related violations: <none>

TIMING-18#93 Warning
Missing input or output delay  
An output delay is missing on EXEdebug[24] relative to clock(s) clk
Related violations: <none>

TIMING-18#94 Warning
Missing input or output delay  
An output delay is missing on EXEdebug[25] relative to clock(s) clk
Related violations: <none>

TIMING-18#95 Warning
Missing input or output delay  
An output delay is missing on EXEdebug[26] relative to clock(s) clk
Related violations: <none>

TIMING-18#96 Warning
Missing input or output delay  
An output delay is missing on EXEdebug[27] relative to clock(s) clk
Related violations: <none>

TIMING-18#97 Warning
Missing input or output delay  
An output delay is missing on EXEdebug[28] relative to clock(s) clk
Related violations: <none>

TIMING-18#98 Warning
Missing input or output delay  
An output delay is missing on EXEdebug[29] relative to clock(s) clk
Related violations: <none>

TIMING-18#99 Warning
Missing input or output delay  
An output delay is missing on EXEdebug[2] relative to clock(s) clk
Related violations: <none>

TIMING-18#100 Warning
Missing input or output delay  
An output delay is missing on EXEdebug[30] relative to clock(s) clk
Related violations: <none>

TIMING-18#101 Warning
Missing input or output delay  
An output delay is missing on EXEdebug[31] relative to clock(s) clk
Related violations: <none>

TIMING-18#102 Warning
Missing input or output delay  
An output delay is missing on EXEdebug[3] relative to clock(s) clk
Related violations: <none>

TIMING-18#103 Warning
Missing input or output delay  
An output delay is missing on EXEdebug[4] relative to clock(s) clk
Related violations: <none>

TIMING-18#104 Warning
Missing input or output delay  
An output delay is missing on EXEdebug[5] relative to clock(s) clk
Related violations: <none>

TIMING-18#105 Warning
Missing input or output delay  
An output delay is missing on EXEdebug[6] relative to clock(s) clk
Related violations: <none>

TIMING-18#106 Warning
Missing input or output delay  
An output delay is missing on EXEdebug[7] relative to clock(s) clk
Related violations: <none>

TIMING-18#107 Warning
Missing input or output delay  
An output delay is missing on EXEdebug[8] relative to clock(s) clk
Related violations: <none>

TIMING-18#108 Warning
Missing input or output delay  
An output delay is missing on EXEdebug[9] relative to clock(s) clk
Related violations: <none>

TIMING-18#109 Warning
Missing input or output delay  
An output delay is missing on PC[0] relative to clock(s) clk
Related violations: <none>

TIMING-18#110 Warning
Missing input or output delay  
An output delay is missing on PC[10] relative to clock(s) clk
Related violations: <none>

TIMING-18#111 Warning
Missing input or output delay  
An output delay is missing on PC[11] relative to clock(s) clk
Related violations: <none>

TIMING-18#112 Warning
Missing input or output delay  
An output delay is missing on PC[12] relative to clock(s) clk
Related violations: <none>

TIMING-18#113 Warning
Missing input or output delay  
An output delay is missing on PC[13] relative to clock(s) clk
Related violations: <none>

TIMING-18#114 Warning
Missing input or output delay  
An output delay is missing on PC[14] relative to clock(s) clk
Related violations: <none>

TIMING-18#115 Warning
Missing input or output delay  
An output delay is missing on PC[15] relative to clock(s) clk
Related violations: <none>

TIMING-18#116 Warning
Missing input or output delay  
An output delay is missing on PC[16] relative to clock(s) clk
Related violations: <none>

TIMING-18#117 Warning
Missing input or output delay  
An output delay is missing on PC[17] relative to clock(s) clk
Related violations: <none>

TIMING-18#118 Warning
Missing input or output delay  
An output delay is missing on PC[18] relative to clock(s) clk
Related violations: <none>

TIMING-18#119 Warning
Missing input or output delay  
An output delay is missing on PC[19] relative to clock(s) clk
Related violations: <none>

TIMING-18#120 Warning
Missing input or output delay  
An output delay is missing on PC[1] relative to clock(s) clk
Related violations: <none>

TIMING-18#121 Warning
Missing input or output delay  
An output delay is missing on PC[20] relative to clock(s) clk
Related violations: <none>

TIMING-18#122 Warning
Missing input or output delay  
An output delay is missing on PC[21] relative to clock(s) clk
Related violations: <none>

TIMING-18#123 Warning
Missing input or output delay  
An output delay is missing on PC[22] relative to clock(s) clk
Related violations: <none>

TIMING-18#124 Warning
Missing input or output delay  
An output delay is missing on PC[23] relative to clock(s) clk
Related violations: <none>

TIMING-18#125 Warning
Missing input or output delay  
An output delay is missing on PC[24] relative to clock(s) clk
Related violations: <none>

TIMING-18#126 Warning
Missing input or output delay  
An output delay is missing on PC[25] relative to clock(s) clk
Related violations: <none>

TIMING-18#127 Warning
Missing input or output delay  
An output delay is missing on PC[26] relative to clock(s) clk
Related violations: <none>

TIMING-18#128 Warning
Missing input or output delay  
An output delay is missing on PC[27] relative to clock(s) clk
Related violations: <none>

TIMING-18#129 Warning
Missing input or output delay  
An output delay is missing on PC[28] relative to clock(s) clk
Related violations: <none>

TIMING-18#130 Warning
Missing input or output delay  
An output delay is missing on PC[29] relative to clock(s) clk
Related violations: <none>

TIMING-18#131 Warning
Missing input or output delay  
An output delay is missing on PC[2] relative to clock(s) clk
Related violations: <none>

TIMING-18#132 Warning
Missing input or output delay  
An output delay is missing on PC[30] relative to clock(s) clk
Related violations: <none>

TIMING-18#133 Warning
Missing input or output delay  
An output delay is missing on PC[31] relative to clock(s) clk
Related violations: <none>

TIMING-18#134 Warning
Missing input or output delay  
An output delay is missing on PC[3] relative to clock(s) clk
Related violations: <none>

TIMING-18#135 Warning
Missing input or output delay  
An output delay is missing on PC[4] relative to clock(s) clk
Related violations: <none>

TIMING-18#136 Warning
Missing input or output delay  
An output delay is missing on PC[5] relative to clock(s) clk
Related violations: <none>

TIMING-18#137 Warning
Missing input or output delay  
An output delay is missing on PC[6] relative to clock(s) clk
Related violations: <none>

TIMING-18#138 Warning
Missing input or output delay  
An output delay is missing on PC[7] relative to clock(s) clk
Related violations: <none>

TIMING-18#139 Warning
Missing input or output delay  
An output delay is missing on PC[8] relative to clock(s) clk
Related violations: <none>

TIMING-18#140 Warning
Missing input or output delay  
An output delay is missing on PC[9] relative to clock(s) clk
Related violations: <none>

TIMING-18#141 Warning
Missing input or output delay  
An output delay is missing on PcControl relative to clock(s) clk
Related violations: <none>

TIMING-18#142 Warning
Missing input or output delay  
An output delay is missing on Reg_Src[0] relative to clock(s) clk
Related violations: <none>

TIMING-18#143 Warning
Missing input or output delay  
An output delay is missing on Reg_Src[1] relative to clock(s) clk
Related violations: <none>

TIMING-18#144 Warning
Missing input or output delay  
An output delay is missing on Reg_Src[2] relative to clock(s) clk
Related violations: <none>

TIMING-18#145 Warning
Missing input or output delay  
An output delay is missing on Sign relative to clock(s) clk
Related violations: <none>

TIMING-18#146 Warning
Missing input or output delay  
An output delay is missing on WB_OUT[0] relative to clock(s) clk
Related violations: <none>

TIMING-18#147 Warning
Missing input or output delay  
An output delay is missing on WB_OUT[10] relative to clock(s) clk
Related violations: <none>

TIMING-18#148 Warning
Missing input or output delay  
An output delay is missing on WB_OUT[11] relative to clock(s) clk
Related violations: <none>

TIMING-18#149 Warning
Missing input or output delay  
An output delay is missing on WB_OUT[12] relative to clock(s) clk
Related violations: <none>

TIMING-18#150 Warning
Missing input or output delay  
An output delay is missing on WB_OUT[13] relative to clock(s) clk
Related violations: <none>

TIMING-18#151 Warning
Missing input or output delay  
An output delay is missing on WB_OUT[14] relative to clock(s) clk
Related violations: <none>

TIMING-18#152 Warning
Missing input or output delay  
An output delay is missing on WB_OUT[15] relative to clock(s) clk
Related violations: <none>

TIMING-18#153 Warning
Missing input or output delay  
An output delay is missing on WB_OUT[16] relative to clock(s) clk
Related violations: <none>

TIMING-18#154 Warning
Missing input or output delay  
An output delay is missing on WB_OUT[17] relative to clock(s) clk
Related violations: <none>

TIMING-18#155 Warning
Missing input or output delay  
An output delay is missing on WB_OUT[18] relative to clock(s) clk
Related violations: <none>

TIMING-18#156 Warning
Missing input or output delay  
An output delay is missing on WB_OUT[19] relative to clock(s) clk
Related violations: <none>

TIMING-18#157 Warning
Missing input or output delay  
An output delay is missing on WB_OUT[1] relative to clock(s) clk
Related violations: <none>

TIMING-18#158 Warning
Missing input or output delay  
An output delay is missing on WB_OUT[20] relative to clock(s) clk
Related violations: <none>

TIMING-18#159 Warning
Missing input or output delay  
An output delay is missing on WB_OUT[21] relative to clock(s) clk
Related violations: <none>

TIMING-18#160 Warning
Missing input or output delay  
An output delay is missing on WB_OUT[22] relative to clock(s) clk
Related violations: <none>

TIMING-18#161 Warning
Missing input or output delay  
An output delay is missing on WB_OUT[23] relative to clock(s) clk
Related violations: <none>

TIMING-18#162 Warning
Missing input or output delay  
An output delay is missing on WB_OUT[24] relative to clock(s) clk
Related violations: <none>

TIMING-18#163 Warning
Missing input or output delay  
An output delay is missing on WB_OUT[25] relative to clock(s) clk
Related violations: <none>

TIMING-18#164 Warning
Missing input or output delay  
An output delay is missing on WB_OUT[26] relative to clock(s) clk
Related violations: <none>

TIMING-18#165 Warning
Missing input or output delay  
An output delay is missing on WB_OUT[27] relative to clock(s) clk
Related violations: <none>

TIMING-18#166 Warning
Missing input or output delay  
An output delay is missing on WB_OUT[28] relative to clock(s) clk
Related violations: <none>

TIMING-18#167 Warning
Missing input or output delay  
An output delay is missing on WB_OUT[29] relative to clock(s) clk
Related violations: <none>

TIMING-18#168 Warning
Missing input or output delay  
An output delay is missing on WB_OUT[2] relative to clock(s) clk
Related violations: <none>

TIMING-18#169 Warning
Missing input or output delay  
An output delay is missing on WB_OUT[30] relative to clock(s) clk
Related violations: <none>

TIMING-18#170 Warning
Missing input or output delay  
An output delay is missing on WB_OUT[31] relative to clock(s) clk
Related violations: <none>

TIMING-18#171 Warning
Missing input or output delay  
An output delay is missing on WB_OUT[3] relative to clock(s) clk
Related violations: <none>

TIMING-18#172 Warning
Missing input or output delay  
An output delay is missing on WB_OUT[4] relative to clock(s) clk
Related violations: <none>

TIMING-18#173 Warning
Missing input or output delay  
An output delay is missing on WB_OUT[5] relative to clock(s) clk
Related violations: <none>

TIMING-18#174 Warning
Missing input or output delay  
An output delay is missing on WB_OUT[6] relative to clock(s) clk
Related violations: <none>

TIMING-18#175 Warning
Missing input or output delay  
An output delay is missing on WB_OUT[7] relative to clock(s) clk
Related violations: <none>

TIMING-18#176 Warning
Missing input or output delay  
An output delay is missing on WB_OUT[8] relative to clock(s) clk
Related violations: <none>

TIMING-18#177 Warning
Missing input or output delay  
An output delay is missing on WB_OUT[9] relative to clock(s) clk
Related violations: <none>

TIMING-18#178 Warning
Missing input or output delay  
An output delay is missing on branch[0] relative to clock(s) clk
Related violations: <none>

TIMING-18#179 Warning
Missing input or output delay  
An output delay is missing on branch[1] relative to clock(s) clk
Related violations: <none>

TIMING-18#180 Warning
Missing input or output delay  
An output delay is missing on branch[2] relative to clock(s) clk
Related violations: <none>

TIMING-18#181 Warning
Missing input or output delay  
An output delay is missing on branch_W relative to clock(s) clk
Related violations: <none>

TIMING-18#182 Warning
Missing input or output delay  
An output delay is missing on funct3[0] relative to clock(s) clk
Related violations: <none>

TIMING-18#183 Warning
Missing input or output delay  
An output delay is missing on funct3[1] relative to clock(s) clk
Related violations: <none>

TIMING-18#184 Warning
Missing input or output delay  
An output delay is missing on funct3[2] relative to clock(s) clk
Related violations: <none>

TIMING-18#185 Warning
Missing input or output delay  
An output delay is missing on funct7[0] relative to clock(s) clk
Related violations: <none>

TIMING-18#186 Warning
Missing input or output delay  
An output delay is missing on funct7[1] relative to clock(s) clk
Related violations: <none>

TIMING-18#187 Warning
Missing input or output delay  
An output delay is missing on funct7[2] relative to clock(s) clk
Related violations: <none>

TIMING-18#188 Warning
Missing input or output delay  
An output delay is missing on funct7[3] relative to clock(s) clk
Related violations: <none>

TIMING-18#189 Warning
Missing input or output delay  
An output delay is missing on funct7[4] relative to clock(s) clk
Related violations: <none>

TIMING-18#190 Warning
Missing input or output delay  
An output delay is missing on funct7[5] relative to clock(s) clk
Related violations: <none>

TIMING-18#191 Warning
Missing input or output delay  
An output delay is missing on funct7[6] relative to clock(s) clk
Related violations: <none>

TIMING-18#192 Warning
Missing input or output delay  
An output delay is missing on imm[0] relative to clock(s) clk
Related violations: <none>

TIMING-18#193 Warning
Missing input or output delay  
An output delay is missing on imm[10] relative to clock(s) clk
Related violations: <none>

TIMING-18#194 Warning
Missing input or output delay  
An output delay is missing on imm[11] relative to clock(s) clk
Related violations: <none>

TIMING-18#195 Warning
Missing input or output delay  
An output delay is missing on imm[12] relative to clock(s) clk
Related violations: <none>

TIMING-18#196 Warning
Missing input or output delay  
An output delay is missing on imm[13] relative to clock(s) clk
Related violations: <none>

TIMING-18#197 Warning
Missing input or output delay  
An output delay is missing on imm[14] relative to clock(s) clk
Related violations: <none>

TIMING-18#198 Warning
Missing input or output delay  
An output delay is missing on imm[15] relative to clock(s) clk
Related violations: <none>

TIMING-18#199 Warning
Missing input or output delay  
An output delay is missing on imm[16] relative to clock(s) clk
Related violations: <none>

TIMING-18#200 Warning
Missing input or output delay  
An output delay is missing on imm[17] relative to clock(s) clk
Related violations: <none>

TIMING-18#201 Warning
Missing input or output delay  
An output delay is missing on imm[18] relative to clock(s) clk
Related violations: <none>

TIMING-18#202 Warning
Missing input or output delay  
An output delay is missing on imm[19] relative to clock(s) clk
Related violations: <none>

TIMING-18#203 Warning
Missing input or output delay  
An output delay is missing on imm[1] relative to clock(s) clk
Related violations: <none>

TIMING-18#204 Warning
Missing input or output delay  
An output delay is missing on imm[20] relative to clock(s) clk
Related violations: <none>

TIMING-18#205 Warning
Missing input or output delay  
An output delay is missing on imm[21] relative to clock(s) clk
Related violations: <none>

TIMING-18#206 Warning
Missing input or output delay  
An output delay is missing on imm[22] relative to clock(s) clk
Related violations: <none>

TIMING-18#207 Warning
Missing input or output delay  
An output delay is missing on imm[23] relative to clock(s) clk
Related violations: <none>

TIMING-18#208 Warning
Missing input or output delay  
An output delay is missing on imm[24] relative to clock(s) clk
Related violations: <none>

TIMING-18#209 Warning
Missing input or output delay  
An output delay is missing on imm[25] relative to clock(s) clk
Related violations: <none>

TIMING-18#210 Warning
Missing input or output delay  
An output delay is missing on imm[26] relative to clock(s) clk
Related violations: <none>

TIMING-18#211 Warning
Missing input or output delay  
An output delay is missing on imm[27] relative to clock(s) clk
Related violations: <none>

TIMING-18#212 Warning
Missing input or output delay  
An output delay is missing on imm[28] relative to clock(s) clk
Related violations: <none>

TIMING-18#213 Warning
Missing input or output delay  
An output delay is missing on imm[29] relative to clock(s) clk
Related violations: <none>

TIMING-18#214 Warning
Missing input or output delay  
An output delay is missing on imm[2] relative to clock(s) clk
Related violations: <none>

TIMING-18#215 Warning
Missing input or output delay  
An output delay is missing on imm[30] relative to clock(s) clk
Related violations: <none>

TIMING-18#216 Warning
Missing input or output delay  
An output delay is missing on imm[31] relative to clock(s) clk
Related violations: <none>

TIMING-18#217 Warning
Missing input or output delay  
An output delay is missing on imm[3] relative to clock(s) clk
Related violations: <none>

TIMING-18#218 Warning
Missing input or output delay  
An output delay is missing on imm[4] relative to clock(s) clk
Related violations: <none>

TIMING-18#219 Warning
Missing input or output delay  
An output delay is missing on imm[5] relative to clock(s) clk
Related violations: <none>

TIMING-18#220 Warning
Missing input or output delay  
An output delay is missing on imm[6] relative to clock(s) clk
Related violations: <none>

TIMING-18#221 Warning
Missing input or output delay  
An output delay is missing on imm[7] relative to clock(s) clk
Related violations: <none>

TIMING-18#222 Warning
Missing input or output delay  
An output delay is missing on imm[8] relative to clock(s) clk
Related violations: <none>

TIMING-18#223 Warning
Missing input or output delay  
An output delay is missing on imm[9] relative to clock(s) clk
Related violations: <none>

TIMING-18#224 Warning
Missing input or output delay  
An output delay is missing on instruct[0] relative to clock(s) clk
Related violations: <none>

TIMING-18#225 Warning
Missing input or output delay  
An output delay is missing on instruct[10] relative to clock(s) clk
Related violations: <none>

TIMING-18#226 Warning
Missing input or output delay  
An output delay is missing on instruct[11] relative to clock(s) clk
Related violations: <none>

TIMING-18#227 Warning
Missing input or output delay  
An output delay is missing on instruct[12] relative to clock(s) clk
Related violations: <none>

TIMING-18#228 Warning
Missing input or output delay  
An output delay is missing on instruct[13] relative to clock(s) clk
Related violations: <none>

TIMING-18#229 Warning
Missing input or output delay  
An output delay is missing on instruct[14] relative to clock(s) clk
Related violations: <none>

TIMING-18#230 Warning
Missing input or output delay  
An output delay is missing on instruct[15] relative to clock(s) clk
Related violations: <none>

TIMING-18#231 Warning
Missing input or output delay  
An output delay is missing on instruct[16] relative to clock(s) clk
Related violations: <none>

TIMING-18#232 Warning
Missing input or output delay  
An output delay is missing on instruct[17] relative to clock(s) clk
Related violations: <none>

TIMING-18#233 Warning
Missing input or output delay  
An output delay is missing on instruct[18] relative to clock(s) clk
Related violations: <none>

TIMING-18#234 Warning
Missing input or output delay  
An output delay is missing on instruct[19] relative to clock(s) clk
Related violations: <none>

TIMING-18#235 Warning
Missing input or output delay  
An output delay is missing on instruct[1] relative to clock(s) clk
Related violations: <none>

TIMING-18#236 Warning
Missing input or output delay  
An output delay is missing on instruct[20] relative to clock(s) clk
Related violations: <none>

TIMING-18#237 Warning
Missing input or output delay  
An output delay is missing on instruct[21] relative to clock(s) clk
Related violations: <none>

TIMING-18#238 Warning
Missing input or output delay  
An output delay is missing on instruct[22] relative to clock(s) clk
Related violations: <none>

TIMING-18#239 Warning
Missing input or output delay  
An output delay is missing on instruct[23] relative to clock(s) clk
Related violations: <none>

TIMING-18#240 Warning
Missing input or output delay  
An output delay is missing on instruct[24] relative to clock(s) clk
Related violations: <none>

TIMING-18#241 Warning
Missing input or output delay  
An output delay is missing on instruct[25] relative to clock(s) clk
Related violations: <none>

TIMING-18#242 Warning
Missing input or output delay  
An output delay is missing on instruct[26] relative to clock(s) clk
Related violations: <none>

TIMING-18#243 Warning
Missing input or output delay  
An output delay is missing on instruct[27] relative to clock(s) clk
Related violations: <none>

TIMING-18#244 Warning
Missing input or output delay  
An output delay is missing on instruct[28] relative to clock(s) clk
Related violations: <none>

TIMING-18#245 Warning
Missing input or output delay  
An output delay is missing on instruct[29] relative to clock(s) clk
Related violations: <none>

TIMING-18#246 Warning
Missing input or output delay  
An output delay is missing on instruct[2] relative to clock(s) clk
Related violations: <none>

TIMING-18#247 Warning
Missing input or output delay  
An output delay is missing on instruct[30] relative to clock(s) clk
Related violations: <none>

TIMING-18#248 Warning
Missing input or output delay  
An output delay is missing on instruct[31] relative to clock(s) clk
Related violations: <none>

TIMING-18#249 Warning
Missing input or output delay  
An output delay is missing on instruct[3] relative to clock(s) clk
Related violations: <none>

TIMING-18#250 Warning
Missing input or output delay  
An output delay is missing on instruct[4] relative to clock(s) clk
Related violations: <none>

TIMING-18#251 Warning
Missing input or output delay  
An output delay is missing on instruct[5] relative to clock(s) clk
Related violations: <none>

TIMING-18#252 Warning
Missing input or output delay  
An output delay is missing on instruct[6] relative to clock(s) clk
Related violations: <none>

TIMING-18#253 Warning
Missing input or output delay  
An output delay is missing on instruct[7] relative to clock(s) clk
Related violations: <none>

TIMING-18#254 Warning
Missing input or output delay  
An output delay is missing on instruct[8] relative to clock(s) clk
Related violations: <none>

TIMING-18#255 Warning
Missing input or output delay  
An output delay is missing on instruct[9] relative to clock(s) clk
Related violations: <none>

TIMING-18#256 Warning
Missing input or output delay  
An output delay is missing on next_PC[0] relative to clock(s) clk
Related violations: <none>

TIMING-18#257 Warning
Missing input or output delay  
An output delay is missing on next_PC[10] relative to clock(s) clk
Related violations: <none>

TIMING-18#258 Warning
Missing input or output delay  
An output delay is missing on next_PC[11] relative to clock(s) clk
Related violations: <none>

TIMING-18#259 Warning
Missing input or output delay  
An output delay is missing on next_PC[12] relative to clock(s) clk
Related violations: <none>

TIMING-18#260 Warning
Missing input or output delay  
An output delay is missing on next_PC[13] relative to clock(s) clk
Related violations: <none>

TIMING-18#261 Warning
Missing input or output delay  
An output delay is missing on next_PC[14] relative to clock(s) clk
Related violations: <none>

TIMING-18#262 Warning
Missing input or output delay  
An output delay is missing on next_PC[15] relative to clock(s) clk
Related violations: <none>

TIMING-18#263 Warning
Missing input or output delay  
An output delay is missing on next_PC[16] relative to clock(s) clk
Related violations: <none>

TIMING-18#264 Warning
Missing input or output delay  
An output delay is missing on next_PC[17] relative to clock(s) clk
Related violations: <none>

TIMING-18#265 Warning
Missing input or output delay  
An output delay is missing on next_PC[18] relative to clock(s) clk
Related violations: <none>

TIMING-18#266 Warning
Missing input or output delay  
An output delay is missing on next_PC[19] relative to clock(s) clk
Related violations: <none>

TIMING-18#267 Warning
Missing input or output delay  
An output delay is missing on next_PC[1] relative to clock(s) clk
Related violations: <none>

TIMING-18#268 Warning
Missing input or output delay  
An output delay is missing on next_PC[20] relative to clock(s) clk
Related violations: <none>

TIMING-18#269 Warning
Missing input or output delay  
An output delay is missing on next_PC[21] relative to clock(s) clk
Related violations: <none>

TIMING-18#270 Warning
Missing input or output delay  
An output delay is missing on next_PC[22] relative to clock(s) clk
Related violations: <none>

TIMING-18#271 Warning
Missing input or output delay  
An output delay is missing on next_PC[23] relative to clock(s) clk
Related violations: <none>

TIMING-18#272 Warning
Missing input or output delay  
An output delay is missing on next_PC[24] relative to clock(s) clk
Related violations: <none>

TIMING-18#273 Warning
Missing input or output delay  
An output delay is missing on next_PC[25] relative to clock(s) clk
Related violations: <none>

TIMING-18#274 Warning
Missing input or output delay  
An output delay is missing on next_PC[26] relative to clock(s) clk
Related violations: <none>

TIMING-18#275 Warning
Missing input or output delay  
An output delay is missing on next_PC[27] relative to clock(s) clk
Related violations: <none>

TIMING-18#276 Warning
Missing input or output delay  
An output delay is missing on next_PC[28] relative to clock(s) clk
Related violations: <none>

TIMING-18#277 Warning
Missing input or output delay  
An output delay is missing on next_PC[29] relative to clock(s) clk
Related violations: <none>

TIMING-18#278 Warning
Missing input or output delay  
An output delay is missing on next_PC[2] relative to clock(s) clk
Related violations: <none>

TIMING-18#279 Warning
Missing input or output delay  
An output delay is missing on next_PC[30] relative to clock(s) clk
Related violations: <none>

TIMING-18#280 Warning
Missing input or output delay  
An output delay is missing on next_PC[31] relative to clock(s) clk
Related violations: <none>

TIMING-18#281 Warning
Missing input or output delay  
An output delay is missing on next_PC[3] relative to clock(s) clk
Related violations: <none>

TIMING-18#282 Warning
Missing input or output delay  
An output delay is missing on next_PC[4] relative to clock(s) clk
Related violations: <none>

TIMING-18#283 Warning
Missing input or output delay  
An output delay is missing on next_PC[5] relative to clock(s) clk
Related violations: <none>

TIMING-18#284 Warning
Missing input or output delay  
An output delay is missing on next_PC[6] relative to clock(s) clk
Related violations: <none>

TIMING-18#285 Warning
Missing input or output delay  
An output delay is missing on next_PC[7] relative to clock(s) clk
Related violations: <none>

TIMING-18#286 Warning
Missing input or output delay  
An output delay is missing on next_PC[8] relative to clock(s) clk
Related violations: <none>

TIMING-18#287 Warning
Missing input or output delay  
An output delay is missing on next_PC[9] relative to clock(s) clk
Related violations: <none>

TIMING-18#288 Warning
Missing input or output delay  
An output delay is missing on opcode[0] relative to clock(s) clk
Related violations: <none>

TIMING-18#289 Warning
Missing input or output delay  
An output delay is missing on opcode[1] relative to clock(s) clk
Related violations: <none>

TIMING-18#290 Warning
Missing input or output delay  
An output delay is missing on opcode[2] relative to clock(s) clk
Related violations: <none>

TIMING-18#291 Warning
Missing input or output delay  
An output delay is missing on opcode[3] relative to clock(s) clk
Related violations: <none>

TIMING-18#292 Warning
Missing input or output delay  
An output delay is missing on opcode[4] relative to clock(s) clk
Related violations: <none>

TIMING-18#293 Warning
Missing input or output delay  
An output delay is missing on opcode[5] relative to clock(s) clk
Related violations: <none>

TIMING-18#294 Warning
Missing input or output delay  
An output delay is missing on opcode[6] relative to clock(s) clk
Related violations: <none>

TIMING-18#295 Warning
Missing input or output delay  
An output delay is missing on rd1[0] relative to clock(s) clk
Related violations: <none>

TIMING-18#296 Warning
Missing input or output delay  
An output delay is missing on rd1[10] relative to clock(s) clk
Related violations: <none>

TIMING-18#297 Warning
Missing input or output delay  
An output delay is missing on rd1[11] relative to clock(s) clk
Related violations: <none>

TIMING-18#298 Warning
Missing input or output delay  
An output delay is missing on rd1[12] relative to clock(s) clk
Related violations: <none>

TIMING-18#299 Warning
Missing input or output delay  
An output delay is missing on rd1[13] relative to clock(s) clk
Related violations: <none>

TIMING-18#300 Warning
Missing input or output delay  
An output delay is missing on rd1[14] relative to clock(s) clk
Related violations: <none>

TIMING-18#301 Warning
Missing input or output delay  
An output delay is missing on rd1[15] relative to clock(s) clk
Related violations: <none>

TIMING-18#302 Warning
Missing input or output delay  
An output delay is missing on rd1[16] relative to clock(s) clk
Related violations: <none>

TIMING-18#303 Warning
Missing input or output delay  
An output delay is missing on rd1[17] relative to clock(s) clk
Related violations: <none>

TIMING-18#304 Warning
Missing input or output delay  
An output delay is missing on rd1[18] relative to clock(s) clk
Related violations: <none>

TIMING-18#305 Warning
Missing input or output delay  
An output delay is missing on rd1[19] relative to clock(s) clk
Related violations: <none>

TIMING-18#306 Warning
Missing input or output delay  
An output delay is missing on rd1[1] relative to clock(s) clk
Related violations: <none>

TIMING-18#307 Warning
Missing input or output delay  
An output delay is missing on rd1[20] relative to clock(s) clk
Related violations: <none>

TIMING-18#308 Warning
Missing input or output delay  
An output delay is missing on rd1[21] relative to clock(s) clk
Related violations: <none>

TIMING-18#309 Warning
Missing input or output delay  
An output delay is missing on rd1[22] relative to clock(s) clk
Related violations: <none>

TIMING-18#310 Warning
Missing input or output delay  
An output delay is missing on rd1[23] relative to clock(s) clk
Related violations: <none>

TIMING-18#311 Warning
Missing input or output delay  
An output delay is missing on rd1[24] relative to clock(s) clk
Related violations: <none>

TIMING-18#312 Warning
Missing input or output delay  
An output delay is missing on rd1[25] relative to clock(s) clk
Related violations: <none>

TIMING-18#313 Warning
Missing input or output delay  
An output delay is missing on rd1[26] relative to clock(s) clk
Related violations: <none>

TIMING-18#314 Warning
Missing input or output delay  
An output delay is missing on rd1[27] relative to clock(s) clk
Related violations: <none>

TIMING-18#315 Warning
Missing input or output delay  
An output delay is missing on rd1[28] relative to clock(s) clk
Related violations: <none>

TIMING-18#316 Warning
Missing input or output delay  
An output delay is missing on rd1[29] relative to clock(s) clk
Related violations: <none>

TIMING-18#317 Warning
Missing input or output delay  
An output delay is missing on rd1[2] relative to clock(s) clk
Related violations: <none>

TIMING-18#318 Warning
Missing input or output delay  
An output delay is missing on rd1[30] relative to clock(s) clk
Related violations: <none>

TIMING-18#319 Warning
Missing input or output delay  
An output delay is missing on rd1[31] relative to clock(s) clk
Related violations: <none>

TIMING-18#320 Warning
Missing input or output delay  
An output delay is missing on rd1[3] relative to clock(s) clk
Related violations: <none>

TIMING-18#321 Warning
Missing input or output delay  
An output delay is missing on rd1[4] relative to clock(s) clk
Related violations: <none>

TIMING-18#322 Warning
Missing input or output delay  
An output delay is missing on rd1[5] relative to clock(s) clk
Related violations: <none>

TIMING-18#323 Warning
Missing input or output delay  
An output delay is missing on rd1[6] relative to clock(s) clk
Related violations: <none>

TIMING-18#324 Warning
Missing input or output delay  
An output delay is missing on rd1[7] relative to clock(s) clk
Related violations: <none>

TIMING-18#325 Warning
Missing input or output delay  
An output delay is missing on rd1[8] relative to clock(s) clk
Related violations: <none>

TIMING-18#326 Warning
Missing input or output delay  
An output delay is missing on rd1[9] relative to clock(s) clk
Related violations: <none>

TIMING-18#327 Warning
Missing input or output delay  
An output delay is missing on rd2[0] relative to clock(s) clk
Related violations: <none>

TIMING-18#328 Warning
Missing input or output delay  
An output delay is missing on rd2[10] relative to clock(s) clk
Related violations: <none>

TIMING-18#329 Warning
Missing input or output delay  
An output delay is missing on rd2[11] relative to clock(s) clk
Related violations: <none>

TIMING-18#330 Warning
Missing input or output delay  
An output delay is missing on rd2[12] relative to clock(s) clk
Related violations: <none>

TIMING-18#331 Warning
Missing input or output delay  
An output delay is missing on rd2[13] relative to clock(s) clk
Related violations: <none>

TIMING-18#332 Warning
Missing input or output delay  
An output delay is missing on rd2[14] relative to clock(s) clk
Related violations: <none>

TIMING-18#333 Warning
Missing input or output delay  
An output delay is missing on rd2[15] relative to clock(s) clk
Related violations: <none>

TIMING-18#334 Warning
Missing input or output delay  
An output delay is missing on rd2[16] relative to clock(s) clk
Related violations: <none>

TIMING-18#335 Warning
Missing input or output delay  
An output delay is missing on rd2[17] relative to clock(s) clk
Related violations: <none>

TIMING-18#336 Warning
Missing input or output delay  
An output delay is missing on rd2[18] relative to clock(s) clk
Related violations: <none>

TIMING-18#337 Warning
Missing input or output delay  
An output delay is missing on rd2[19] relative to clock(s) clk
Related violations: <none>

TIMING-18#338 Warning
Missing input or output delay  
An output delay is missing on rd2[1] relative to clock(s) clk
Related violations: <none>

TIMING-18#339 Warning
Missing input or output delay  
An output delay is missing on rd2[20] relative to clock(s) clk
Related violations: <none>

TIMING-18#340 Warning
Missing input or output delay  
An output delay is missing on rd2[21] relative to clock(s) clk
Related violations: <none>

TIMING-18#341 Warning
Missing input or output delay  
An output delay is missing on rd2[22] relative to clock(s) clk
Related violations: <none>

TIMING-18#342 Warning
Missing input or output delay  
An output delay is missing on rd2[23] relative to clock(s) clk
Related violations: <none>

TIMING-18#343 Warning
Missing input or output delay  
An output delay is missing on rd2[24] relative to clock(s) clk
Related violations: <none>

TIMING-18#344 Warning
Missing input or output delay  
An output delay is missing on rd2[25] relative to clock(s) clk
Related violations: <none>

TIMING-18#345 Warning
Missing input or output delay  
An output delay is missing on rd2[26] relative to clock(s) clk
Related violations: <none>

TIMING-18#346 Warning
Missing input or output delay  
An output delay is missing on rd2[27] relative to clock(s) clk
Related violations: <none>

TIMING-18#347 Warning
Missing input or output delay  
An output delay is missing on rd2[28] relative to clock(s) clk
Related violations: <none>

TIMING-18#348 Warning
Missing input or output delay  
An output delay is missing on rd2[29] relative to clock(s) clk
Related violations: <none>

TIMING-18#349 Warning
Missing input or output delay  
An output delay is missing on rd2[2] relative to clock(s) clk
Related violations: <none>

TIMING-18#350 Warning
Missing input or output delay  
An output delay is missing on rd2[30] relative to clock(s) clk
Related violations: <none>

TIMING-18#351 Warning
Missing input or output delay  
An output delay is missing on rd2[31] relative to clock(s) clk
Related violations: <none>

TIMING-18#352 Warning
Missing input or output delay  
An output delay is missing on rd2[3] relative to clock(s) clk
Related violations: <none>

TIMING-18#353 Warning
Missing input or output delay  
An output delay is missing on rd2[4] relative to clock(s) clk
Related violations: <none>

TIMING-18#354 Warning
Missing input or output delay  
An output delay is missing on rd2[5] relative to clock(s) clk
Related violations: <none>

TIMING-18#355 Warning
Missing input or output delay  
An output delay is missing on rd2[6] relative to clock(s) clk
Related violations: <none>

TIMING-18#356 Warning
Missing input or output delay  
An output delay is missing on rd2[7] relative to clock(s) clk
Related violations: <none>

TIMING-18#357 Warning
Missing input or output delay  
An output delay is missing on rd2[8] relative to clock(s) clk
Related violations: <none>

TIMING-18#358 Warning
Missing input or output delay  
An output delay is missing on rd2[9] relative to clock(s) clk
Related violations: <none>

TIMING-18#359 Warning
Missing input or output delay  
An output delay is missing on rd[0] relative to clock(s) clk
Related violations: <none>

TIMING-18#360 Warning
Missing input or output delay  
An output delay is missing on rd[1] relative to clock(s) clk
Related violations: <none>

TIMING-18#361 Warning
Missing input or output delay  
An output delay is missing on rd[2] relative to clock(s) clk
Related violations: <none>

TIMING-18#362 Warning
Missing input or output delay  
An output delay is missing on rd[3] relative to clock(s) clk
Related violations: <none>

TIMING-18#363 Warning
Missing input or output delay  
An output delay is missing on rd[4] relative to clock(s) clk
Related violations: <none>

TIMING-18#364 Warning
Missing input or output delay  
An output delay is missing on rs1[0] relative to clock(s) clk
Related violations: <none>

TIMING-18#365 Warning
Missing input or output delay  
An output delay is missing on rs1[1] relative to clock(s) clk
Related violations: <none>

TIMING-18#366 Warning
Missing input or output delay  
An output delay is missing on rs1[2] relative to clock(s) clk
Related violations: <none>

TIMING-18#367 Warning
Missing input or output delay  
An output delay is missing on rs1[3] relative to clock(s) clk
Related violations: <none>

TIMING-18#368 Warning
Missing input or output delay  
An output delay is missing on rs1[4] relative to clock(s) clk
Related violations: <none>

TIMING-18#369 Warning
Missing input or output delay  
An output delay is missing on rs2[0] relative to clock(s) clk
Related violations: <none>

TIMING-18#370 Warning
Missing input or output delay  
An output delay is missing on rs2[1] relative to clock(s) clk
Related violations: <none>

TIMING-18#371 Warning
Missing input or output delay  
An output delay is missing on rs2[2] relative to clock(s) clk
Related violations: <none>

TIMING-18#372 Warning
Missing input or output delay  
An output delay is missing on rs2[3] relative to clock(s) clk
Related violations: <none>

TIMING-18#373 Warning
Missing input or output delay  
An output delay is missing on rs2[4] relative to clock(s) clk
Related violations: <none>


